--------------------------------------------------------------------------------------
Timing Analyzer Summary
--------------------------------------------------------------------------------------

Type           : Worst-case tco
Slack          : N/A
Required Time  : None
Actual Time    : 10.251 ns
From           : T-COUNTER:inst16|74163:inst1|f74163:sub|34
To             : COUNT5
From Clock     : CLK
To Clock       : --
Failed Paths   : 0

Type           : Clock Setup: 'CLK'
Slack          : N/A
Required Time  : None
Actual Time    : 25.49 MHz ( period = 39.228 ns )
From           : PC:inst4|D7
To             : 74377:MAR|32
From Clock     : CLK
To Clock       : CLK
Failed Paths   : 0

Type           : Clock Hold: 'CLK'
Slack          : Not operational: Clock Skew > Data Delay
Required Time  : None
Actual Time    : N/A
From           : PC:inst4|D0
To             : PC:inst4|D0
From Clock     : CLK
To Clock       : CLK
Failed Paths   : 8

Type           : Total number of failed paths
Slack          : 
Required Time  : 
Actual Time    : 
From           : 
To             : 
From Clock     : 
To Clock       : 
Failed Paths   : 8

--------------------------------------------------------------------------------------

