Fitter report for SELECT-FOUR
Mon Jun 19 20:28:32 2017
Quartus II Version 9.0 Build 132 02/25/2009 SJ Full Version


---------------------
; Table of Contents ;
---------------------
  1. Legal Notice
  2. Fitter Summary
  3. Fitter Settings
  4. Parallel Compilation
  5. Incremental Compilation Preservation Summary
  6. Incremental Compilation Partition Settings
  7. Incremental Compilation Placement Preservation
  8. Pin-Out File
  9. Fitter Resource Usage Summary
 10. Input Pins
 11. Output Pins
 12. I/O Bank Usage
 13. All Package Pins
 14. Output Pin Default Load For Reported TCO
 15. Fitter Resource Utilization by Entity
 16. Delay Chain Summary
 17. Pad To Core Delay Chain Fanout
 18. Non-Global High Fan-Out Signals
 19. Interconnect Usage Summary
 20. LAB Logic Elements
 21. LAB Signals Sourced
 22. LAB Signals Sourced Out
 23. LAB Distinct Inputs
 24. Fitter Device Options
 25. Operating Settings and Conditions
 26. Estimated Delay Added for Hold Timing
 27. Advanced Data - General
 28. Advanced Data - Placement Preparation
 29. Advanced Data - Placement
 30. Advanced Data - Routing
 31. Fitter Messages
 32. Fitter Suppressed Messages



----------------
; Legal Notice ;
----------------
Copyright (C) 1991-2009 Altera Corporation
Your use of Altera Corporation's design tools, logic functions 
and other software and tools, and its AMPP partner logic 
functions, and any output files from any of the foregoing 
(including device programming or simulation files), and any 
associated documentation or information are expressly subject 
to the terms and conditions of the Altera Program License 
Subscription Agreement, Altera MegaCore Function License 
Agreement, or other applicable license agreement, including, 
without limitation, that your use is for the sole purpose of 
programming logic devices manufactured by Altera and sold by 
Altera or its authorized distributors.  Please refer to the 
applicable agreement for further details.



+-------------------------------------------------------------------------------+
; Fitter Summary                                                                ;
+------------------------------------+------------------------------------------+
; Fitter Status                      ; Successful - Mon Jun 19 20:28:31 2017    ;
; Quartus II Version                 ; 9.0 Build 132 02/25/2009 SJ Full Version ;
; Revision Name                      ; SELECT-FOUR                              ;
; Top-level Entity Name              ; SELECT-FOUR                              ;
; Family                             ; Cyclone II                               ;
; Device                             ; EP2C8T144C8                              ;
; Timing Models                      ; Final                                    ;
; Total logic elements               ; 24 / 8,256 ( < 1 % )                     ;
;     Total combinational functions  ; 24 / 8,256 ( < 1 % )                     ;
;     Dedicated logic registers      ; 0 / 8,256 ( 0 % )                        ;
; Total registers                    ; 0                                        ;
; Total pins                         ; 43 / 85 ( 51 % )                         ;
; Total virtual pins                 ; 0                                        ;
; Total memory bits                  ; 0 / 165,888 ( 0 % )                      ;
; Embedded Multiplier 9-bit elements ; 0 / 36 ( 0 % )                           ;
; Total PLLs                         ; 0 / 2 ( 0 % )                            ;
+------------------------------------+------------------------------------------+


+--------------------------------------------------------------------------------------------------------------------------------------+
; Fitter Settings                                                                                                                      ;
+--------------------------------------------------------------------+--------------------------------+--------------------------------+
; Option                                                             ; Setting                        ; Default Value                  ;
+--------------------------------------------------------------------+--------------------------------+--------------------------------+
; Device                                                             ; EP2C8T144C8                    ;                                ;
; Minimum Core Junction Temperature                                  ; 0                              ;                                ;
; Maximum Core Junction Temperature                                  ; 85                             ;                                ;
; Fit Attempts to Skip                                               ; 0                              ; 0.0                            ;
; Use smart compilation                                              ; Off                            ; Off                            ;
; Use TimeQuest Timing Analyzer                                      ; Off                            ; Off                            ;
; Router Timing Optimization Level                                   ; Normal                         ; Normal                         ;
; Placement Effort Multiplier                                        ; 1.0                            ; 1.0                            ;
; Router Effort Multiplier                                           ; 1.0                            ; 1.0                            ;
; Always Enable Input Buffers                                        ; Off                            ; Off                            ;
; Optimize Hold Timing                                               ; IO Paths and Minimum TPD Paths ; IO Paths and Minimum TPD Paths ;
; Optimize Multi-Corner Timing                                       ; Off                            ; Off                            ;
; PowerPlay Power Optimization                                       ; Normal compilation             ; Normal compilation             ;
; Optimize Timing                                                    ; Normal compilation             ; Normal compilation             ;
; Optimize Timing for ECOs                                           ; Off                            ; Off                            ;
; Regenerate full fit report during ECO compiles                     ; Off                            ; Off                            ;
; Optimize IOC Register Placement for Timing                         ; On                             ; On                             ;
; Limit to One Fitting Attempt                                       ; Off                            ; Off                            ;
; Final Placement Optimizations                                      ; Automatically                  ; Automatically                  ;
; Fitter Aggressive Routability Optimizations                        ; Automatically                  ; Automatically                  ;
; Fitter Initial Placement Seed                                      ; 1                              ; 1                              ;
; PCI I/O                                                            ; Off                            ; Off                            ;
; Weak Pull-Up Resistor                                              ; Off                            ; Off                            ;
; Enable Bus-Hold Circuitry                                          ; Off                            ; Off                            ;
; Auto Global Memory Control Signals                                 ; Off                            ; Off                            ;
; Auto Packed Registers                                              ; Auto                           ; Auto                           ;
; Auto Delay Chains                                                  ; On                             ; On                             ;
; Auto Merge PLLs                                                    ; On                             ; On                             ;
; Ignore PLL Mode When Merging PLLs                                  ; Off                            ; Off                            ;
; Perform Physical Synthesis for Combinational Logic for Fitting     ; Off                            ; Off                            ;
; Perform Physical Synthesis for Combinational Logic for Performance ; Off                            ; Off                            ;
; Perform Register Duplication for Performance                       ; Off                            ; Off                            ;
; Perform Logic to Memory Mapping for Fitting                        ; Off                            ; Off                            ;
; Perform Register Retiming for Performance                          ; Off                            ; Off                            ;
; Perform Asynchronous Signal Pipelining                             ; Off                            ; Off                            ;
; Fitter Effort                                                      ; Auto Fit                       ; Auto Fit                       ;
; Physical Synthesis Effort Level                                    ; Normal                         ; Normal                         ;
; Auto Global Clock                                                  ; On                             ; On                             ;
; Auto Global Register Control Signals                               ; On                             ; On                             ;
; Stop After Congestion Map Generation                               ; Off                            ; Off                            ;
; Save Intermediate Fitting Results                                  ; Off                            ; Off                            ;
; Force Fitter to Avoid Periphery Placement Warnings                 ; Off                            ; Off                            ;
+--------------------------------------------------------------------+--------------------------------+--------------------------------+


+------------------------------------------+
; Parallel Compilation                     ;
+----------------------------+-------------+
; Processors                 ; Number      ;
+----------------------------+-------------+
; Number detected on machine ; 2           ;
; Maximum allowed            ; 2           ;
;                            ;             ;
; Average used               ; 1.00        ;
; Maximum used               ; 2           ;
;                            ;             ;
; Usage by Processor         ; % Time Used ;
;     1 processor            ; 100.0%      ;
;     2 processors           ; < 0.1%      ;
+----------------------------+-------------+


+----------------------------------------------+
; Incremental Compilation Preservation Summary ;
+-------------------------+--------------------+
; Type                    ; Value              ;
+-------------------------+--------------------+
; Placement               ;                    ;
;     -- Requested        ; 0 / 67 ( 0.00 % )  ;
;     -- Achieved         ; 0 / 67 ( 0.00 % )  ;
;                         ;                    ;
; Routing (by Connection) ;                    ;
;     -- Requested        ; 0 / 0 ( 0.00 % )   ;
;     -- Achieved         ; 0 / 0 ( 0.00 % )   ;
+-------------------------+--------------------+


+--------------------------------------------------------------------------------------------------------------------------------------------------+
; Incremental Compilation Partition Settings                                                                                                       ;
+----------------+----------------+-------------------+-------------------------+------------------------+------------------------------+----------+
; Partition Name ; Partition Type ; Netlist Type Used ; Preservation Level Used ; Netlist Type Requested ; Preservation Level Requested ; Contents ;
+----------------+----------------+-------------------+-------------------------+------------------------+------------------------------+----------+
; Top            ; User-created   ; Source File       ; N/A                     ; Source File            ; N/A                          ;          ;
+----------------+----------------+-------------------+-------------------------+------------------------+------------------------------+----------+


+--------------------------------------------------------------------------------------------+
; Incremental Compilation Placement Preservation                                             ;
+----------------+---------+-------------------+-------------------------+-------------------+
; Partition Name ; # Nodes ; # Preserved Nodes ; Preservation Level Used ; Netlist Type Used ;
+----------------+---------+-------------------+-------------------------+-------------------+
; Top            ; 67      ; 0                 ; N/A                     ; Source File       ;
+----------------+---------+-------------------+-------------------------+-------------------+


+--------------+
; Pin-Out File ;
+--------------+
The pin-out file can be found in C:/Documents and Settings/Administrator/×ÀÃæ/ComputerFinal/SELECT-FOUR/SELECT-FOUR.pin.


+--------------------------------------------------------------------+
; Fitter Resource Usage Summary                                      ;
+---------------------------------------------+----------------------+
; Resource                                    ; Usage                ;
+---------------------------------------------+----------------------+
; Total logic elements                        ; 24 / 8,256 ( < 1 % ) ;
;     -- Combinational with no register       ; 24                   ;
;     -- Register only                        ; 0                    ;
;     -- Combinational with a register        ; 0                    ;
;                                             ;                      ;
; Logic element usage by number of LUT inputs ;                      ;
;     -- 4 input functions                    ; 8                    ;
;     -- 3 input functions                    ; 16                   ;
;     -- <=2 input functions                  ; 0                    ;
;     -- Register only                        ; 0                    ;
;                                             ;                      ;
; Logic elements by mode                      ;                      ;
;     -- normal mode                          ; 24                   ;
;     -- arithmetic mode                      ; 0                    ;
;                                             ;                      ;
; Total registers*                            ; 0 / 8,487 ( 0 % )    ;
;     -- Dedicated logic registers            ; 0 / 8,256 ( 0 % )    ;
;     -- I/O registers                        ; 0 / 231 ( 0 % )      ;
;                                             ;                      ;
; Total LABs:  partially or completely used   ; 4 / 516 ( < 1 % )    ;
; User inserted logic elements                ; 0                    ;
; Virtual pins                                ; 0                    ;
; I/O pins                                    ; 43 / 85 ( 51 % )     ;
;     -- Clock pins                           ; 2 / 4 ( 50 % )       ;
; Global signals                              ; 0                    ;
; M4Ks                                        ; 0 / 36 ( 0 % )       ;
; Total block memory bits                     ; 0 / 165,888 ( 0 % )  ;
; Total block memory implementation bits      ; 0 / 165,888 ( 0 % )  ;
; Embedded Multiplier 9-bit elements          ; 0 / 36 ( 0 % )       ;
; PLLs                                        ; 0 / 2 ( 0 % )        ;
; Global clocks                               ; 0 / 8 ( 0 % )        ;
; JTAGs                                       ; 0 / 1 ( 0 % )        ;
; ASMI blocks                                 ; 0 / 1 ( 0 % )        ;
; CRC blocks                                  ; 0 / 1 ( 0 % )        ;
; Average interconnect usage (total/H/V)      ; 0% / 0% / 0%         ;
; Peak interconnect usage (total/H/V)         ; 1% / 0% / 1%         ;
; Maximum fan-out node                        ; CTRO1                ;
; Maximum fan-out                             ; 16                   ;
; Highest non-global fan-out signal           ; CTRO1                ;
; Highest non-global fan-out                  ; 16                   ;
; Total fan-out                               ; 88                   ;
; Average fan-out                             ; 1.26                 ;
+---------------------------------------------+----------------------+
*  Register count does not include registers inside RAM blocks or DSP blocks.



+-------------------------------------------------------------------------------------------------------------------------------------------------------------------------------------------------------------------------------------------------------------+
; Input Pins                                                                                                                                                                                                                                                  ;
+-------+-------+----------+--------------+--------------+-------------+-----------------------+--------------------+--------+----------------+---------------+-----------------+----------+--------------+--------------+-------------+----------------------+
; Name  ; Pin # ; I/O Bank ; X coordinate ; Y coordinate ; Cell number ; Combinational Fan-Out ; Registered Fan-Out ; Global ; Input Register ; Power Up High ; PCI I/O Enabled ; Bus Hold ; Weak Pull Up ; I/O Standard ; Termination ; Location assigned by ;
+-------+-------+----------+--------------+--------------+-------------+-----------------------+--------------------+--------+----------------+---------------+-----------------+----------+--------------+--------------+-------------+----------------------+
; /GN1  ; 118   ; 2        ; 28           ; 19           ; 0           ; 8                     ; 0                  ; no     ; no             ; no            ; no              ; no       ; Off          ; 3.3-V LVTTL  ; Off         ; Fitter               ;
; CTRO1 ; 133   ; 2        ; 9            ; 19           ; 1           ; 16                    ; 0                  ; no     ; no             ; no            ; no              ; no       ; Off          ; 3.3-V LVTTL  ; Off         ; Fitter               ;
; CTRO2 ; 120   ; 2        ; 28           ; 19           ; 2           ; 8                     ; 0                  ; no     ; no             ; no            ; no              ; no       ; Off          ; 3.3-V LVTTL  ; Off         ; Fitter               ;
; D11   ; 53    ; 4        ; 14           ; 0            ; 0           ; 1                     ; 0                  ; no     ; no             ; no            ; no              ; no       ; Off          ; 3.3-V LVTTL  ; Off         ; Fitter               ;
; D12   ; 93    ; 3        ; 34           ; 11           ; 2           ; 1                     ; 0                  ; no     ; no             ; no            ; no              ; no       ; Off          ; 3.3-V LVTTL  ; Off         ; Fitter               ;
; D13   ; 7     ; 1        ; 0            ; 16           ; 2           ; 1                     ; 0                  ; no     ; no             ; no            ; no              ; no       ; Off          ; 3.3-V LVTTL  ; Off         ; Fitter               ;
; D14   ; 132   ; 2        ; 9            ; 19           ; 0           ; 1                     ; 0                  ; no     ; no             ; no            ; no              ; no       ; Off          ; 3.3-V LVTTL  ; Off         ; Fitter               ;
; D15   ; 112   ; 2        ; 32           ; 19           ; 0           ; 1                     ; 0                  ; no     ; no             ; no            ; no              ; no       ; Off          ; 3.3-V LVTTL  ; Off         ; Fitter               ;
; D16   ; 96    ; 3        ; 34           ; 11           ; 0           ; 1                     ; 0                  ; no     ; no             ; no            ; no              ; no       ; Off          ; 3.3-V LVTTL  ; Off         ; Fitter               ;
; D17   ; 90    ; 3        ; 34           ; 10           ; 1           ; 1                     ; 0                  ; no     ; no             ; no            ; no              ; no       ; Off          ; 3.3-V LVTTL  ; Off         ; Fitter               ;
; D18   ; 143   ; 2        ; 1            ; 19           ; 2           ; 1                     ; 0                  ; no     ; no             ; no            ; no              ; no       ; Off          ; 3.3-V LVTTL  ; Off         ; Fitter               ;
; D21   ; 72    ; 4        ; 32           ; 0            ; 0           ; 1                     ; 0                  ; no     ; no             ; no            ; no              ; no       ; Off          ; 3.3-V LVTTL  ; Off         ; Fitter               ;
; D22   ; 115   ; 2        ; 30           ; 19           ; 0           ; 1                     ; 0                  ; no     ; no             ; no            ; no              ; no       ; Off          ; 3.3-V LVTTL  ; Off         ; Fitter               ;
; D23   ; 129   ; 2        ; 14           ; 19           ; 1           ; 1                     ; 0                  ; no     ; no             ; no            ; no              ; no       ; Off          ; 3.3-V LVTTL  ; Off         ; Fitter               ;
; D24   ; 97    ; 3        ; 34           ; 12           ; 3           ; 1                     ; 0                  ; no     ; no             ; no            ; no              ; no       ; Off          ; 3.3-V LVTTL  ; Off         ; Fitter               ;
; D25   ; 114   ; 2        ; 32           ; 19           ; 2           ; 1                     ; 0                  ; no     ; no             ; no            ; no              ; no       ; Off          ; 3.3-V LVTTL  ; Off         ; Fitter               ;
; D26   ; 75    ; 3        ; 34           ; 2            ; 1           ; 1                     ; 0                  ; no     ; no             ; no            ; no              ; no       ; Off          ; 3.3-V LVTTL  ; Off         ; Fitter               ;
; D27   ; 89    ; 3        ; 34           ; 10           ; 2           ; 1                     ; 0                  ; no     ; no             ; no            ; no              ; no       ; Off          ; 3.3-V LVTTL  ; Off         ; Fitter               ;
; D28   ; 87    ; 3        ; 34           ; 9            ; 0           ; 1                     ; 0                  ; no     ; no             ; no            ; no              ; no       ; Off          ; 3.3-V LVTTL  ; Off         ; Fitter               ;
; D31   ; 63    ; 4        ; 28           ; 0            ; 3           ; 1                     ; 0                  ; no     ; no             ; no            ; no              ; no       ; Off          ; 3.3-V LVTTL  ; Off         ; Fitter               ;
; D32   ; 48    ; 4        ; 5            ; 0            ; 2           ; 1                     ; 0                  ; no     ; no             ; no            ; no              ; no       ; Off          ; 3.3-V LVTTL  ; Off         ; Fitter               ;
; D33   ; 136   ; 2        ; 3            ; 19           ; 1           ; 1                     ; 0                  ; no     ; no             ; no            ; no              ; no       ; Off          ; 3.3-V LVTTL  ; Off         ; Fitter               ;
; D34   ; 60    ; 4        ; 18           ; 0            ; 0           ; 1                     ; 0                  ; no     ; no             ; no            ; no              ; no       ; Off          ; 3.3-V LVTTL  ; Off         ; Fitter               ;
; D35   ; 113   ; 2        ; 32           ; 19           ; 1           ; 1                     ; 0                  ; no     ; no             ; no            ; no              ; no       ; Off          ; 3.3-V LVTTL  ; Off         ; Fitter               ;
; D36   ; 92    ; 3        ; 34           ; 11           ; 3           ; 1                     ; 0                  ; no     ; no             ; no            ; no              ; no       ; Off          ; 3.3-V LVTTL  ; Off         ; Fitter               ;
; D37   ; 88    ; 3        ; 34           ; 10           ; 3           ; 1                     ; 0                  ; no     ; no             ; no            ; no              ; no       ; Off          ; 3.3-V LVTTL  ; Off         ; Fitter               ;
; D38   ; 104   ; 3        ; 34           ; 17           ; 0           ; 1                     ; 0                  ; no     ; no             ; no            ; no              ; no       ; Off          ; 3.3-V LVTTL  ; Off         ; Fitter               ;
; D41   ; 122   ; 2        ; 25           ; 19           ; 0           ; 1                     ; 0                  ; no     ; no             ; no            ; no              ; no       ; Off          ; 3.3-V LVTTL  ; Off         ; Fitter               ;
; D42   ; 67    ; 4        ; 30           ; 0            ; 0           ; 1                     ; 0                  ; no     ; no             ; no            ; no              ; no       ; Off          ; 3.3-V LVTTL  ; Off         ; Fitter               ;
; D43   ; 28    ; 1        ; 0            ; 6            ; 0           ; 1                     ; 0                  ; no     ; no             ; no            ; no              ; no       ; Off          ; 3.3-V LVTTL  ; Off         ; Fitter               ;
; D44   ; 126   ; 2        ; 18           ; 19           ; 1           ; 1                     ; 0                  ; no     ; no             ; no            ; no              ; no       ; Off          ; 3.3-V LVTTL  ; Off         ; Fitter               ;
; D45   ; 121   ; 2        ; 28           ; 19           ; 3           ; 1                     ; 0                  ; no     ; no             ; no            ; no              ; no       ; Off          ; 3.3-V LVTTL  ; Off         ; Fitter               ;
; D46   ; 71    ; 4        ; 32           ; 0            ; 1           ; 1                     ; 0                  ; no     ; no             ; no            ; no              ; no       ; Off          ; 3.3-V LVTTL  ; Off         ; Fitter               ;
; D47   ; 86    ; 3        ; 34           ; 9            ; 1           ; 1                     ; 0                  ; no     ; no             ; no            ; no              ; no       ; Off          ; 3.3-V LVTTL  ; Off         ; Fitter               ;
; D48   ; 91    ; 3        ; 34           ; 10           ; 0           ; 1                     ; 0                  ; no     ; no             ; no            ; no              ; no       ; Off          ; 3.3-V LVTTL  ; Off         ; Fitter               ;
+-------+-------+----------+--------------+--------------+-------------+-----------------------+--------------------+--------+----------------+---------------+-----------------+----------+--------------+--------------+-------------+----------------------+


+---------------------------------------------------------------------------------------------------------------------------------------------------------------------------------------------------------------------------------------------------------------------------------------+
; Output Pins                                                                                                                                                                                                                                                                           ;
+------+-------+----------+--------------+--------------+-------------+-----------------+------------------------+---------------+-----------------+------------+---------------+----------+--------------+--------------+------------------+-------------+----------------------+------+
; Name ; Pin # ; I/O Bank ; X coordinate ; Y coordinate ; Cell number ; Output Register ; Output Enable Register ; Power Up High ; PCI I/O Enabled ; Open Drain ; TRI Primitive ; Bus Hold ; Weak Pull Up ; I/O Standard ; Current Strength ; Termination ; Location assigned by ; Load ;
+------+-------+----------+--------------+--------------+-------------+-----------------+------------------------+---------------+-----------------+------------+---------------+----------+--------------+--------------+------------------+-------------+----------------------+------+
; OUT1 ; 134   ; 2        ; 9            ; 19           ; 2           ; no              ; no                     ; no            ; no              ; no         ; no            ; no       ; Off          ; 3.3-V LVTTL  ; 24mA             ; Off         ; Fitter               ; 0 pF ;
; OUT2 ; 79    ; 3        ; 34           ; 5            ; 0           ; no              ; no                     ; no            ; no              ; no         ; no            ; no       ; Off          ; 3.3-V LVTTL  ; 24mA             ; Off         ; Fitter               ; 0 pF ;
; OUT3 ; 59    ; 4        ; 18           ; 0            ; 1           ; no              ; no                     ; no            ; no              ; no         ; no            ; no       ; Off          ; 3.3-V LVTTL  ; 24mA             ; Off         ; Fitter               ; 0 pF ;
; OUT4 ; 24    ; 1        ; 0            ; 8            ; 0           ; no              ; no                     ; no            ; no              ; no         ; no            ; no       ; Off          ; 3.3-V LVTTL  ; 24mA             ; Off         ; Fitter               ; 0 pF ;
; OUT5 ; 69    ; 4        ; 32           ; 0            ; 3           ; no              ; no                     ; no            ; no              ; no         ; no            ; no       ; Off          ; 3.3-V LVTTL  ; 24mA             ; Off         ; Fitter               ; 0 pF ;
; OUT6 ; 25    ; 1        ; 0            ; 8            ; 1           ; no              ; no                     ; no            ; no              ; no         ; no            ; no       ; Off          ; 3.3-V LVTTL  ; 24mA             ; Off         ; Fitter               ; 0 pF ;
; OUT7 ; 94    ; 3        ; 34           ; 11           ; 1           ; no              ; no                     ; no            ; no              ; no         ; no            ; no       ; Off          ; 3.3-V LVTTL  ; 24mA             ; Off         ; Fitter               ; 0 pF ;
; OUT8 ; 8     ; 1        ; 0            ; 14           ; 2           ; no              ; no                     ; no            ; no              ; no         ; no            ; no       ; Off          ; 3.3-V LVTTL  ; 24mA             ; Off         ; Fitter               ; 0 pF ;
+------+-------+----------+--------------+--------------+-------------+-----------------+------------------------+---------------+-----------------+------------+---------------+----------+--------------+--------------+------------------+-------------+----------------------+------+


+------------------------------------------------------------+
; I/O Bank Usage                                             ;
+----------+------------------+---------------+--------------+
; I/O Bank ; Usage            ; VCCIO Voltage ; VREF Voltage ;
+----------+------------------+---------------+--------------+
; 1        ; 7 / 17 ( 41 % )  ; 3.3V          ; --           ;
; 2        ; 15 / 23 ( 65 % ) ; 3.3V          ; --           ;
; 3        ; 15 / 21 ( 71 % ) ; 3.3V          ; --           ;
; 4        ; 9 / 24 ( 38 % )  ; 3.3V          ; --           ;
+----------+------------------+---------------+--------------+


+------------------------------------------------------------------------------------------------------------------------------------------------------------------------+
; All Package Pins                                                                                                                                                       ;
+----------+------------+----------+------------------------------------------+--------+--------------+---------+------------+-----------------+----------+--------------+
; Location ; Pad Number ; I/O Bank ; Pin Name/Usage                           ; Dir.   ; I/O Standard ; Voltage ; I/O Type   ; User Assignment ; Bus Hold ; Weak Pull Up ;
+----------+------------+----------+------------------------------------------+--------+--------------+---------+------------+-----------------+----------+--------------+
; 1        ; 0          ; 1        ; ~ASDO~ / RESERVED_INPUT_WITH_WEAK_PULLUP ; input  ; 3.3-V LVTTL  ;         ; Row I/O    ; N               ; no       ; On           ;
; 2        ; 1          ; 1        ; ~nCSO~ / RESERVED_INPUT_WITH_WEAK_PULLUP ; input  ; 3.3-V LVTTL  ;         ; Row I/O    ; N               ; no       ; On           ;
; 3        ; 2          ; 1        ; GND*                                     ;        ;              ;         ; Row I/O    ;                 ; no       ; Off          ;
; 4        ; 3          ; 1        ; GND*                                     ;        ;              ;         ; Row I/O    ;                 ; no       ; Off          ;
; 5        ;            ; 1        ; VCCIO1                                   ; power  ;              ; 3.3V    ; --         ;                 ; --       ; --           ;
; 6        ;            ;          ; GND                                      ; gnd    ;              ;         ; --         ;                 ; --       ; --           ;
; 7        ; 10         ; 1        ; D13                                      ; input  ; 3.3-V LVTTL  ;         ; Row I/O    ; N               ; no       ; Off          ;
; 8        ; 18         ; 1        ; OUT8                                     ; output ; 3.3-V LVTTL  ;         ; Row I/O    ; N               ; no       ; Off          ;
; 9        ; 19         ; 1        ; GND*                                     ;        ;              ;         ; Row I/O    ;                 ; no       ; Off          ;
; 10       ; 20         ; 1        ; #TDO                                     ; output ;              ;         ; --         ;                 ; --       ; --           ;
; 11       ; 21         ; 1        ; #TMS                                     ; input  ;              ;         ; --         ;                 ; --       ; --           ;
; 12       ; 22         ; 1        ; #TCK                                     ; input  ;              ;         ; --         ;                 ; --       ; --           ;
; 13       ; 23         ; 1        ; #TDI                                     ; input  ;              ;         ; --         ;                 ; --       ; --           ;
; 14       ; 24         ; 1        ; ^DATA0                                   ; input  ;              ;         ; --         ;                 ; --       ; --           ;
; 15       ; 25         ; 1        ; ^DCLK                                    ;        ;              ;         ; --         ;                 ; --       ; --           ;
; 16       ; 26         ; 1        ; ^nCE                                     ;        ;              ;         ; --         ;                 ; --       ; --           ;
; 17       ; 27         ; 1        ; GND+                                     ;        ;              ;         ; Row I/O    ;                 ; --       ; --           ;
; 18       ; 28         ; 1        ; GND+                                     ;        ;              ;         ; Row I/O    ;                 ; --       ; --           ;
; 19       ;            ;          ; GND                                      ; gnd    ;              ;         ; --         ;                 ; --       ; --           ;
; 20       ; 29         ; 1        ; ^nCONFIG                                 ;        ;              ;         ; --         ;                 ; --       ; --           ;
; 21       ; 30         ; 1        ; GND+                                     ;        ;              ;         ; Row I/O    ;                 ; --       ; --           ;
; 22       ; 31         ; 1        ; GND+                                     ;        ;              ;         ; Row I/O    ;                 ; --       ; --           ;
; 23       ;            ; 1        ; VCCIO1                                   ; power  ;              ; 3.3V    ; --         ;                 ; --       ; --           ;
; 24       ; 32         ; 1        ; OUT4                                     ; output ; 3.3-V LVTTL  ;         ; Row I/O    ; N               ; no       ; Off          ;
; 25       ; 33         ; 1        ; OUT6                                     ; output ; 3.3-V LVTTL  ;         ; Row I/O    ; N               ; no       ; Off          ;
; 26       ;            ;          ; VCCINT                                   ; power  ;              ; 1.2V    ; --         ;                 ; --       ; --           ;
; 27       ;            ;          ; GND                                      ; gnd    ;              ;         ; --         ;                 ; --       ; --           ;
; 28       ; 39         ; 1        ; D43                                      ; input  ; 3.3-V LVTTL  ;         ; Row I/O    ; N               ; no       ; Off          ;
; 29       ;            ; 1        ; VCCIO1                                   ; power  ;              ; 3.3V    ; --         ;                 ; --       ; --           ;
; 30       ; 51         ; 1        ; GND*                                     ;        ;              ;         ; Row I/O    ;                 ; no       ; Off          ;
; 31       ; 52         ; 1        ; GND*                                     ;        ;              ;         ; Row I/O    ;                 ; no       ; Off          ;
; 32       ; 53         ; 1        ; GND*                                     ;        ;              ;         ; Row I/O    ;                 ; no       ; Off          ;
; 33       ;            ;          ; GND                                      ; gnd    ;              ;         ; --         ;                 ; --       ; --           ;
; 34       ;            ;          ; GND_PLL1                                 ; gnd    ;              ;         ; --         ;                 ; --       ; --           ;
; 35       ;            ;          ; VCCD_PLL1                                ; power  ;              ; 1.2V    ; --         ;                 ; --       ; --           ;
; 36       ;            ;          ; GND_PLL1                                 ; gnd    ;              ;         ; --         ;                 ; --       ; --           ;
; 37       ;            ;          ; VCCA_PLL1                                ; power  ;              ; 1.2V    ; --         ;                 ; --       ; --           ;
; 38       ;            ;          ; GNDA_PLL1                                ; gnd    ;              ;         ; --         ;                 ; --       ; --           ;
; 39       ;            ;          ; GND                                      ; gnd    ;              ;         ; --         ;                 ; --       ; --           ;
; 40       ; 54         ; 4        ; GND*                                     ;        ;              ;         ; Column I/O ;                 ; no       ; Off          ;
; 41       ; 55         ; 4        ; GND*                                     ;        ;              ;         ; Column I/O ;                 ; no       ; Off          ;
; 42       ; 56         ; 4        ; GND*                                     ;        ;              ;         ; Column I/O ;                 ; no       ; Off          ;
; 43       ; 57         ; 4        ; GND*                                     ;        ;              ;         ; Column I/O ;                 ; no       ; Off          ;
; 44       ; 58         ; 4        ; GND*                                     ;        ;              ;         ; Column I/O ;                 ; no       ; Off          ;
; 45       ; 59         ; 4        ; GND*                                     ;        ;              ;         ; Column I/O ;                 ; no       ; Off          ;
; 46       ;            ; 4        ; VCCIO4                                   ; power  ;              ; 3.3V    ; --         ;                 ; --       ; --           ;
; 47       ; 60         ; 4        ; GND*                                     ;        ;              ;         ; Column I/O ;                 ; no       ; Off          ;
; 48       ; 61         ; 4        ; D32                                      ; input  ; 3.3-V LVTTL  ;         ; Column I/O ; N               ; no       ; Off          ;
; 49       ;            ;          ; GND                                      ; gnd    ;              ;         ; --         ;                 ; --       ; --           ;
; 50       ;            ;          ; VCCINT                                   ; power  ;              ; 1.2V    ; --         ;                 ; --       ; --           ;
; 51       ; 69         ; 4        ; GND*                                     ;        ;              ;         ; Column I/O ;                 ; no       ; Off          ;
; 52       ; 70         ; 4        ; GND*                                     ;        ;              ;         ; Column I/O ;                 ; no       ; Off          ;
; 53       ; 74         ; 4        ; D11                                      ; input  ; 3.3-V LVTTL  ;         ; Column I/O ; N               ; no       ; Off          ;
; 54       ;            ; 4        ; VCCIO4                                   ; power  ;              ; 3.3V    ; --         ;                 ; --       ; --           ;
; 55       ; 75         ; 4        ; GND*                                     ;        ;              ;         ; Column I/O ;                 ; no       ; Off          ;
; 56       ;            ;          ; GND                                      ; gnd    ;              ;         ; --         ;                 ; --       ; --           ;
; 57       ; 76         ; 4        ; GND*                                     ;        ;              ;         ; Column I/O ;                 ; no       ; Off          ;
; 58       ; 77         ; 4        ; GND*                                     ;        ;              ;         ; Column I/O ;                 ; no       ; Off          ;
; 59       ; 78         ; 4        ; OUT3                                     ; output ; 3.3-V LVTTL  ;         ; Column I/O ; N               ; no       ; Off          ;
; 60       ; 79         ; 4        ; D34                                      ; input  ; 3.3-V LVTTL  ;         ; Column I/O ; N               ; no       ; Off          ;
; 61       ;            ;          ; GND                                      ; gnd    ;              ;         ; --         ;                 ; --       ; --           ;
; 62       ;            ;          ; VCCINT                                   ; power  ;              ; 1.2V    ; --         ;                 ; --       ; --           ;
; 63       ; 89         ; 4        ; D31                                      ; input  ; 3.3-V LVTTL  ;         ; Column I/O ; N               ; no       ; Off          ;
; 64       ; 92         ; 4        ; GND*                                     ;        ;              ;         ; Column I/O ;                 ; no       ; Off          ;
; 65       ; 93         ; 4        ; GND*                                     ;        ;              ;         ; Column I/O ;                 ; no       ; Off          ;
; 66       ;            ; 4        ; VCCIO4                                   ; power  ;              ; 3.3V    ; --         ;                 ; --       ; --           ;
; 67       ; 96         ; 4        ; D42                                      ; input  ; 3.3-V LVTTL  ;         ; Column I/O ; N               ; no       ; Off          ;
; 68       ;            ;          ; GND                                      ; gnd    ;              ;         ; --         ;                 ; --       ; --           ;
; 69       ; 97         ; 4        ; OUT5                                     ; output ; 3.3-V LVTTL  ;         ; Column I/O ; N               ; no       ; Off          ;
; 70       ; 98         ; 4        ; GND*                                     ;        ;              ;         ; Column I/O ;                 ; no       ; Off          ;
; 71       ; 99         ; 4        ; D46                                      ; input  ; 3.3-V LVTTL  ;         ; Column I/O ; N               ; no       ; Off          ;
; 72       ; 100        ; 4        ; D21                                      ; input  ; 3.3-V LVTTL  ;         ; Column I/O ; N               ; no       ; Off          ;
; 73       ; 101        ; 3        ; GND*                                     ;        ;              ;         ; Row I/O    ;                 ; no       ; Off          ;
; 74       ; 102        ; 3        ; GND*                                     ;        ;              ;         ; Row I/O    ;                 ; no       ; Off          ;
; 75       ; 105        ; 3        ; D26                                      ; input  ; 3.3-V LVTTL  ;         ; Row I/O    ; N               ; no       ; Off          ;
; 76       ; 106        ; 3        ; ~LVDS54p/nCEO~                           ; output ; 3.3-V LVTTL  ;         ; Row I/O    ; N               ; no       ; Off          ;
; 77       ;            ; 3        ; VCCIO3                                   ; power  ;              ; 3.3V    ; --         ;                 ; --       ; --           ;
; 78       ;            ;          ; GND                                      ; gnd    ;              ;         ; --         ;                 ; --       ; --           ;
; 79       ; 114        ; 3        ; OUT2                                     ; output ; 3.3-V LVTTL  ;         ; Row I/O    ; N               ; no       ; Off          ;
; 80       ;            ;          ; GND                                      ; gnd    ;              ;         ; --         ;                 ; --       ; --           ;
; 81       ;            ;          ; VCCINT                                   ; power  ;              ; 1.2V    ; --         ;                 ; --       ; --           ;
; 82       ; 121        ; 3        ; ^nSTATUS                                 ;        ;              ;         ; --         ;                 ; --       ; --           ;
; 83       ; 122        ; 3        ; ^CONF_DONE                               ;        ;              ;         ; --         ;                 ; --       ; --           ;
; 84       ; 123        ; 3        ; ^MSEL1                                   ;        ;              ;         ; --         ;                 ; --       ; --           ;
; 85       ; 124        ; 3        ; ^MSEL0                                   ;        ;              ;         ; --         ;                 ; --       ; --           ;
; 86       ; 125        ; 3        ; D47                                      ; input  ; 3.3-V LVTTL  ;         ; Row I/O    ; N               ; no       ; Off          ;
; 87       ; 126        ; 3        ; D28                                      ; input  ; 3.3-V LVTTL  ;         ; Row I/O    ; N               ; no       ; Off          ;
; 88       ; 127        ; 3        ; D37                                      ; input  ; 3.3-V LVTTL  ;         ; Row I/O    ; N               ; no       ; Off          ;
; 89       ; 128        ; 3        ; D27                                      ; input  ; 3.3-V LVTTL  ;         ; Row I/O    ; N               ; no       ; Off          ;
; 90       ; 129        ; 3        ; D17                                      ; input  ; 3.3-V LVTTL  ;         ; Row I/O    ; N               ; no       ; Off          ;
; 91       ; 130        ; 3        ; D48                                      ; input  ; 3.3-V LVTTL  ;         ; Row I/O    ; N               ; no       ; Off          ;
; 92       ; 131        ; 3        ; D36                                      ; input  ; 3.3-V LVTTL  ;         ; Row I/O    ; N               ; no       ; Off          ;
; 93       ; 132        ; 3        ; D12                                      ; input  ; 3.3-V LVTTL  ;         ; Row I/O    ; N               ; no       ; Off          ;
; 94       ; 133        ; 3        ; OUT7                                     ; output ; 3.3-V LVTTL  ;         ; Row I/O    ; N               ; no       ; Off          ;
; 95       ;            ; 3        ; VCCIO3                                   ; power  ;              ; 3.3V    ; --         ;                 ; --       ; --           ;
; 96       ; 134        ; 3        ; D16                                      ; input  ; 3.3-V LVTTL  ;         ; Row I/O    ; N               ; no       ; Off          ;
; 97       ; 135        ; 3        ; D24                                      ; input  ; 3.3-V LVTTL  ;         ; Row I/O    ; N               ; no       ; Off          ;
; 98       ;            ;          ; GND                                      ; gnd    ;              ;         ; --         ;                 ; --       ; --           ;
; 99       ; 143        ; 3        ; GND*                                     ;        ;              ;         ; Row I/O    ;                 ; no       ; Off          ;
; 100      ; 149        ; 3        ; GND*                                     ;        ;              ;         ; Row I/O    ;                 ; no       ; Off          ;
; 101      ; 150        ; 3        ; GND*                                     ;        ;              ;         ; Row I/O    ;                 ; no       ; Off          ;
; 102      ;            ; 3        ; VCCIO3                                   ; power  ;              ; 3.3V    ; --         ;                 ; --       ; --           ;
; 103      ; 153        ; 3        ; GND*                                     ;        ;              ;         ; Row I/O    ;                 ; no       ; Off          ;
; 104      ; 154        ; 3        ; D38                                      ; input  ; 3.3-V LVTTL  ;         ; Row I/O    ; N               ; no       ; Off          ;
; 105      ;            ;          ; GND                                      ; gnd    ;              ;         ; --         ;                 ; --       ; --           ;
; 106      ;            ;          ; GND_PLL2                                 ; gnd    ;              ;         ; --         ;                 ; --       ; --           ;
; 107      ;            ;          ; VCCD_PLL2                                ; power  ;              ; 1.2V    ; --         ;                 ; --       ; --           ;
; 108      ;            ;          ; GND_PLL2                                 ; gnd    ;              ;         ; --         ;                 ; --       ; --           ;
; 109      ;            ;          ; VCCA_PLL2                                ; power  ;              ; 1.2V    ; --         ;                 ; --       ; --           ;
; 110      ;            ;          ; GNDA_PLL2                                ; gnd    ;              ;         ; --         ;                 ; --       ; --           ;
; 111      ;            ;          ; GND                                      ; gnd    ;              ;         ; --         ;                 ; --       ; --           ;
; 112      ; 155        ; 2        ; D15                                      ; input  ; 3.3-V LVTTL  ;         ; Column I/O ; N               ; no       ; Off          ;
; 113      ; 156        ; 2        ; D35                                      ; input  ; 3.3-V LVTTL  ;         ; Column I/O ; N               ; no       ; Off          ;
; 114      ; 157        ; 2        ; D25                                      ; input  ; 3.3-V LVTTL  ;         ; Column I/O ; N               ; no       ; Off          ;
; 115      ; 158        ; 2        ; D22                                      ; input  ; 3.3-V LVTTL  ;         ; Column I/O ; N               ; no       ; Off          ;
; 116      ;            ; 2        ; VCCIO2                                   ; power  ;              ; 3.3V    ; --         ;                 ; --       ; --           ;
; 117      ;            ;          ; GND                                      ; gnd    ;              ;         ; --         ;                 ; --       ; --           ;
; 118      ; 161        ; 2        ; /GN1                                     ; input  ; 3.3-V LVTTL  ;         ; Column I/O ; N               ; no       ; Off          ;
; 119      ; 162        ; 2        ; GND*                                     ;        ;              ;         ; Column I/O ;                 ; no       ; Off          ;
; 120      ; 163        ; 2        ; CTRO2                                    ; input  ; 3.3-V LVTTL  ;         ; Column I/O ; N               ; no       ; Off          ;
; 121      ; 164        ; 2        ; D45                                      ; input  ; 3.3-V LVTTL  ;         ; Column I/O ; N               ; no       ; Off          ;
; 122      ; 165        ; 2        ; D41                                      ; input  ; 3.3-V LVTTL  ;         ; Column I/O ; N               ; no       ; Off          ;
; 123      ;            ;          ; GND                                      ; gnd    ;              ;         ; --         ;                 ; --       ; --           ;
; 124      ;            ;          ; VCCINT                                   ; power  ;              ; 1.2V    ; --         ;                 ; --       ; --           ;
; 125      ; 173        ; 2        ; GND*                                     ;        ;              ;         ; Column I/O ;                 ; no       ; Off          ;
; 126      ; 174        ; 2        ; D44                                      ; input  ; 3.3-V LVTTL  ;         ; Column I/O ; N               ; no       ; Off          ;
; 127      ;            ; 2        ; VCCIO2                                   ; power  ;              ; 3.3V    ; --         ;                 ; --       ; --           ;
; 128      ;            ;          ; GND                                      ; gnd    ;              ;         ; --         ;                 ; --       ; --           ;
; 129      ; 180        ; 2        ; D23                                      ; input  ; 3.3-V LVTTL  ;         ; Column I/O ; N               ; no       ; Off          ;
; 130      ;            ;          ; GND                                      ; gnd    ;              ;         ; --         ;                 ; --       ; --           ;
; 131      ;            ;          ; VCCINT                                   ; power  ;              ; 1.2V    ; --         ;                 ; --       ; --           ;
; 132      ; 185        ; 2        ; D14                                      ; input  ; 3.3-V LVTTL  ;         ; Column I/O ; N               ; no       ; Off          ;
; 133      ; 186        ; 2        ; CTRO1                                    ; input  ; 3.3-V LVTTL  ;         ; Column I/O ; N               ; no       ; Off          ;
; 134      ; 187        ; 2        ; OUT1                                     ; output ; 3.3-V LVTTL  ;         ; Column I/O ; N               ; no       ; Off          ;
; 135      ; 195        ; 2        ; GND*                                     ;        ;              ;         ; Column I/O ;                 ; no       ; Off          ;
; 136      ; 196        ; 2        ; D33                                      ; input  ; 3.3-V LVTTL  ;         ; Column I/O ; N               ; no       ; Off          ;
; 137      ; 197        ; 2        ; GND*                                     ;        ;              ;         ; Column I/O ;                 ; no       ; Off          ;
; 138      ;            ; 2        ; VCCIO2                                   ; power  ;              ; 3.3V    ; --         ;                 ; --       ; --           ;
; 139      ; 198        ; 2        ; GND*                                     ;        ;              ;         ; Column I/O ;                 ; no       ; Off          ;
; 140      ;            ;          ; GND                                      ; gnd    ;              ;         ; --         ;                 ; --       ; --           ;
; 141      ; 199        ; 2        ; GND*                                     ;        ;              ;         ; Column I/O ;                 ; no       ; Off          ;
; 142      ; 200        ; 2        ; GND*                                     ;        ;              ;         ; Column I/O ;                 ; no       ; Off          ;
; 143      ; 201        ; 2        ; D18                                      ; input  ; 3.3-V LVTTL  ;         ; Column I/O ; N               ; no       ; Off          ;
; 144      ; 202        ; 2        ; GND*                                     ;        ;              ;         ; Column I/O ;                 ; no       ; Off          ;
+----------+------------+----------+------------------------------------------+--------+--------------+---------+------------+-----------------+----------+--------------+
Note: Pin directions (input, output or bidir) are based on device operating in user mode.


+-------------------------------------------------------------------------------+
; Output Pin Default Load For Reported TCO                                      ;
+----------------------------------+-------+------------------------------------+
; I/O Standard                     ; Load  ; Termination Resistance             ;
+----------------------------------+-------+------------------------------------+
; 3.3-V LVTTL                      ; 0 pF  ; Not Available                      ;
; 3.3-V LVCMOS                     ; 0 pF  ; Not Available                      ;
; 2.5 V                            ; 0 pF  ; Not Available                      ;
; 1.8 V                            ; 0 pF  ; Not Available                      ;
; 1.5 V                            ; 0 pF  ; Not Available                      ;
; 3.3-V PCI                        ; 10 pF ; 25 Ohm (Parallel)                  ;
; 3.3-V PCI-X                      ; 10 pF ; 25 Ohm (Parallel)                  ;
; SSTL-2 Class I                   ; 0 pF  ; 50 Ohm (Parallel), 25 Ohm (Serial) ;
; SSTL-2 Class II                  ; 0 pF  ; 25 Ohm (Parallel), 25 Ohm (Serial) ;
; SSTL-18 Class I                  ; 0 pF  ; 50 Ohm (Parallel), 25 Ohm (Serial) ;
; SSTL-18 Class II                 ; 0 pF  ; 25 Ohm (Parallel), 25 Ohm (Serial) ;
; 1.5-V HSTL Class I               ; 0 pF  ; 50 Ohm (Parallel)                  ;
; 1.5-V HSTL Class II              ; 0 pF  ; 25 Ohm (Parallel)                  ;
; 1.8-V HSTL Class I               ; 0 pF  ; 50 Ohm (Parallel)                  ;
; 1.8-V HSTL Class II              ; 0 pF  ; 25 Ohm (Parallel)                  ;
; Differential SSTL-2              ; 0 pF  ; (See SSTL-2)                       ;
; Differential 2.5-V SSTL Class II ; 0 pF  ; (See SSTL-2 Class II)              ;
; Differential 1.8-V SSTL Class I  ; 0 pF  ; (See 1.8-V SSTL Class I)           ;
; Differential 1.8-V SSTL Class II ; 0 pF  ; (See 1.8-V SSTL Class II)          ;
; Differential 1.5-V HSTL Class I  ; 0 pF  ; (See 1.5-V HSTL Class I)           ;
; Differential 1.5-V HSTL Class II ; 0 pF  ; (See 1.5-V HSTL Class II)          ;
; Differential 1.8-V HSTL Class I  ; 0 pF  ; (See 1.8-V HSTL Class I)           ;
; Differential 1.8-V HSTL Class II ; 0 pF  ; (See 1.8-V HSTL Class II)          ;
; LVDS                             ; 0 pF  ; 100 Ohm (Differential)             ;
; mini-LVDS                        ; 0 pF  ; 100 Ohm (Differential)             ;
; RSDS                             ; 0 pF  ; 100 Ohm (Differential)             ;
; Simple RSDS                      ; 0 pF  ; Not Available                      ;
; Differential LVPECL              ; 0 pF  ; 100 Ohm (Differential)             ;
+----------------------------------+-------+------------------------------------+
Note: User assignments will override these defaults. The user specified values are listed in the Output Pins and Bidir Pins tables.


+----------------------------------------------------------------------------------------------------------------------------------------------------------------------------------------------------------------------------------------------------------------------+
; Fitter Resource Utilization by Entity                                                                                                                                                                                                                                ;
+----------------------------+-------------+---------------------------+---------------+-------------+------+--------------+---------+-----------+------+--------------+--------------+-------------------+------------------+--------------------------+--------------+
; Compilation Hierarchy Node ; Logic Cells ; Dedicated Logic Registers ; I/O Registers ; Memory Bits ; M4Ks ; DSP Elements ; DSP 9x9 ; DSP 18x18 ; Pins ; Virtual Pins ; LUT-Only LCs ; Register-Only LCs ; LUT/Register LCs ; Full Hierarchy Name      ; Library Name ;
+----------------------------+-------------+---------------------------+---------------+-------------+------+--------------+---------+-----------+------+--------------+--------------+-------------------+------------------+--------------------------+--------------+
; |SELECT-FOUR               ; 24 (0)      ; 0 (0)                     ; 0 (0)         ; 0           ; 0    ; 0            ; 0       ; 0         ; 43   ; 0            ; 24 (0)       ; 0 (0)             ; 0 (0)            ; |SELECT-FOUR             ; work         ;
;    |74153:inst1|           ; 6 (6)       ; 0 (0)                     ; 0 (0)         ; 0           ; 0    ; 0            ; 0       ; 0         ; 0    ; 0            ; 6 (6)        ; 0 (0)             ; 0 (0)            ; |SELECT-FOUR|74153:inst1 ; work         ;
;    |74153:inst2|           ; 6 (6)       ; 0 (0)                     ; 0 (0)         ; 0           ; 0    ; 0            ; 0       ; 0         ; 0    ; 0            ; 6 (6)        ; 0 (0)             ; 0 (0)            ; |SELECT-FOUR|74153:inst2 ; work         ;
;    |74153:inst3|           ; 6 (6)       ; 0 (0)                     ; 0 (0)         ; 0           ; 0    ; 0            ; 0       ; 0         ; 0    ; 0            ; 6 (6)        ; 0 (0)             ; 0 (0)            ; |SELECT-FOUR|74153:inst3 ; work         ;
;    |74153:inst4|           ; 6 (6)       ; 0 (0)                     ; 0 (0)         ; 0           ; 0    ; 0            ; 0       ; 0         ; 0    ; 0            ; 6 (6)        ; 0 (0)             ; 0 (0)            ; |SELECT-FOUR|74153:inst4 ; work         ;
+----------------------------+-------------+---------------------------+---------------+-------------+------+--------------+---------+-----------+------+--------------+--------------+-------------------+------------------+--------------------------+--------------+
Note: For table entries with two numbers listed, the numbers in parentheses indicate the number of resources of the given type used by the specific entity alone. The numbers listed outside of parentheses indicate the total resources of the given type used by the specific entity and all of its sub-entities in the hierarchy.


+--------------------------------------------------------------------------------+
; Delay Chain Summary                                                            ;
+-------+----------+---------------+---------------+-----------------------+-----+
; Name  ; Pin Type ; Pad to Core 0 ; Pad to Core 1 ; Pad to Input Register ; TCO ;
+-------+----------+---------------+---------------+-----------------------+-----+
; OUT1  ; Output   ; --            ; --            ; --                    ; --  ;
; OUT2  ; Output   ; --            ; --            ; --                    ; --  ;
; OUT3  ; Output   ; --            ; --            ; --                    ; --  ;
; OUT4  ; Output   ; --            ; --            ; --                    ; --  ;
; OUT5  ; Output   ; --            ; --            ; --                    ; --  ;
; OUT6  ; Output   ; --            ; --            ; --                    ; --  ;
; OUT7  ; Output   ; --            ; --            ; --                    ; --  ;
; OUT8  ; Output   ; --            ; --            ; --                    ; --  ;
; D41   ; Input    ; 6             ; 6             ; --                    ; --  ;
; D31   ; Input    ; 6             ; 6             ; --                    ; --  ;
; CTRO1 ; Input    ; 6             ; 6             ; --                    ; --  ;
; D21   ; Input    ; 6             ; 6             ; --                    ; --  ;
; D11   ; Input    ; 6             ; 6             ; --                    ; --  ;
; CTRO2 ; Input    ; 6             ; 6             ; --                    ; --  ;
; /GN1  ; Input    ; 6             ; 6             ; --                    ; --  ;
; D42   ; Input    ; 6             ; 6             ; --                    ; --  ;
; D32   ; Input    ; 6             ; 6             ; --                    ; --  ;
; D22   ; Input    ; 6             ; 6             ; --                    ; --  ;
; D12   ; Input    ; 6             ; 6             ; --                    ; --  ;
; D43   ; Input    ; 6             ; 6             ; --                    ; --  ;
; D33   ; Input    ; 6             ; 6             ; --                    ; --  ;
; D23   ; Input    ; 6             ; 6             ; --                    ; --  ;
; D13   ; Input    ; 6             ; 6             ; --                    ; --  ;
; D44   ; Input    ; 6             ; 6             ; --                    ; --  ;
; D34   ; Input    ; 6             ; 6             ; --                    ; --  ;
; D24   ; Input    ; 6             ; 6             ; --                    ; --  ;
; D14   ; Input    ; 6             ; 6             ; --                    ; --  ;
; D45   ; Input    ; 6             ; 6             ; --                    ; --  ;
; D35   ; Input    ; 6             ; 6             ; --                    ; --  ;
; D25   ; Input    ; 6             ; 6             ; --                    ; --  ;
; D15   ; Input    ; 6             ; 6             ; --                    ; --  ;
; D46   ; Input    ; 6             ; 6             ; --                    ; --  ;
; D36   ; Input    ; 6             ; 6             ; --                    ; --  ;
; D26   ; Input    ; 6             ; 6             ; --                    ; --  ;
; D16   ; Input    ; 6             ; 6             ; --                    ; --  ;
; D47   ; Input    ; 6             ; 6             ; --                    ; --  ;
; D37   ; Input    ; 0             ; 0             ; --                    ; --  ;
; D27   ; Input    ; 0             ; 0             ; --                    ; --  ;
; D17   ; Input    ; 0             ; 0             ; --                    ; --  ;
; D48   ; Input    ; 0             ; 0             ; --                    ; --  ;
; D38   ; Input    ; 6             ; 6             ; --                    ; --  ;
; D28   ; Input    ; 6             ; 6             ; --                    ; --  ;
; D18   ; Input    ; 6             ; 6             ; --                    ; --  ;
+-------+----------+---------------+---------------+-----------------------+-----+


+-------------------------------------------------------+
; Pad To Core Delay Chain Fanout                        ;
+-------------------------+-------------------+---------+
; Source Pin / Fanout     ; Pad To Core Index ; Setting ;
+-------------------------+-------------------+---------+
; D41                     ;                   ;         ;
;      - 74153:inst1|9~0  ; 1                 ; 6       ;
; D31                     ;                   ;         ;
;      - 74153:inst1|9~0  ; 0                 ; 6       ;
; CTRO1                   ;                   ;         ;
;      - 74153:inst1|9~0  ; 0                 ; 6       ;
;      - 74153:inst1|9~1  ; 0                 ; 6       ;
;      - 74153:inst1|10~0 ; 0                 ; 6       ;
;      - 74153:inst1|10~1 ; 0                 ; 6       ;
;      - 74153:inst2|9~0  ; 0                 ; 6       ;
;      - 74153:inst2|9~1  ; 0                 ; 6       ;
;      - 74153:inst2|10~0 ; 0                 ; 6       ;
;      - 74153:inst2|10~1 ; 0                 ; 6       ;
;      - 74153:inst3|9~0  ; 0                 ; 6       ;
;      - 74153:inst3|9~1  ; 0                 ; 6       ;
;      - 74153:inst3|10~0 ; 0                 ; 6       ;
;      - 74153:inst3|10~1 ; 0                 ; 6       ;
;      - 74153:inst4|9~0  ; 0                 ; 6       ;
;      - 74153:inst4|9~1  ; 0                 ; 6       ;
;      - 74153:inst4|10~0 ; 0                 ; 6       ;
;      - 74153:inst4|10~1 ; 0                 ; 6       ;
; D21                     ;                   ;         ;
;      - 74153:inst1|9~1  ; 1                 ; 6       ;
; D11                     ;                   ;         ;
;      - 74153:inst1|9~1  ; 1                 ; 6       ;
; CTRO2                   ;                   ;         ;
;      - 74153:inst1|9~2  ; 0                 ; 6       ;
;      - 74153:inst1|10~2 ; 0                 ; 6       ;
;      - 74153:inst2|9~2  ; 0                 ; 6       ;
;      - 74153:inst2|10~2 ; 0                 ; 6       ;
;      - 74153:inst3|9~2  ; 0                 ; 6       ;
;      - 74153:inst3|10~2 ; 0                 ; 6       ;
;      - 74153:inst4|9~2  ; 0                 ; 6       ;
;      - 74153:inst4|10~2 ; 0                 ; 6       ;
; /GN1                    ;                   ;         ;
;      - 74153:inst1|9~2  ; 0                 ; 6       ;
;      - 74153:inst1|10~2 ; 0                 ; 6       ;
;      - 74153:inst2|9~2  ; 0                 ; 6       ;
;      - 74153:inst2|10~2 ; 0                 ; 6       ;
;      - 74153:inst3|9~2  ; 0                 ; 6       ;
;      - 74153:inst3|10~2 ; 0                 ; 6       ;
;      - 74153:inst4|9~2  ; 0                 ; 6       ;
;      - 74153:inst4|10~2 ; 0                 ; 6       ;
; D42                     ;                   ;         ;
;      - 74153:inst1|10~0 ; 0                 ; 6       ;
; D32                     ;                   ;         ;
;      - 74153:inst1|10~0 ; 0                 ; 6       ;
; D22                     ;                   ;         ;
;      - 74153:inst1|10~1 ; 0                 ; 6       ;
; D12                     ;                   ;         ;
;      - 74153:inst1|10~1 ; 0                 ; 6       ;
; D43                     ;                   ;         ;
;      - 74153:inst2|9~0  ; 1                 ; 6       ;
; D33                     ;                   ;         ;
;      - 74153:inst2|9~0  ; 0                 ; 6       ;
; D23                     ;                   ;         ;
;      - 74153:inst2|9~1  ; 0                 ; 6       ;
; D13                     ;                   ;         ;
;      - 74153:inst2|9~1  ; 0                 ; 6       ;
; D44                     ;                   ;         ;
;      - 74153:inst2|10~0 ; 0                 ; 6       ;
; D34                     ;                   ;         ;
;      - 74153:inst2|10~0 ; 0                 ; 6       ;
; D24                     ;                   ;         ;
;      - 74153:inst2|10~1 ; 0                 ; 6       ;
; D14                     ;                   ;         ;
;      - 74153:inst2|10~1 ; 0                 ; 6       ;
; D45                     ;                   ;         ;
;      - 74153:inst3|9~0  ; 0                 ; 6       ;
; D35                     ;                   ;         ;
;      - 74153:inst3|9~0  ; 0                 ; 6       ;
; D25                     ;                   ;         ;
;      - 74153:inst3|9~1  ; 0                 ; 6       ;
; D15                     ;                   ;         ;
;      - 74153:inst3|9~1  ; 0                 ; 6       ;
; D46                     ;                   ;         ;
;      - 74153:inst3|10~0 ; 1                 ; 6       ;
; D36                     ;                   ;         ;
;      - 74153:inst3|10~0 ; 1                 ; 6       ;
; D26                     ;                   ;         ;
;      - 74153:inst3|10~1 ; 1                 ; 6       ;
; D16                     ;                   ;         ;
;      - 74153:inst3|10~1 ; 1                 ; 6       ;
; D47                     ;                   ;         ;
;      - 74153:inst4|9~0  ; 0                 ; 6       ;
; D37                     ;                   ;         ;
; D27                     ;                   ;         ;
; D17                     ;                   ;         ;
; D48                     ;                   ;         ;
; D38                     ;                   ;         ;
;      - 74153:inst4|10~0 ; 1                 ; 6       ;
; D28                     ;                   ;         ;
;      - 74153:inst4|10~1 ; 0                 ; 6       ;
; D18                     ;                   ;         ;
;      - 74153:inst4|10~1 ; 1                 ; 6       ;
+-------------------------+-------------------+---------+


+---------------------------------+
; Non-Global High Fan-Out Signals ;
+------------------+--------------+
; Name             ; Fan-Out      ;
+------------------+--------------+
; CTRO1            ; 16           ;
; /GN1             ; 8            ;
; CTRO2            ; 8            ;
; D18              ; 1            ;
; D28              ; 1            ;
; D38              ; 1            ;
; D48              ; 1            ;
; D17              ; 1            ;
; D27              ; 1            ;
; D37              ; 1            ;
; D47              ; 1            ;
; D16              ; 1            ;
; D26              ; 1            ;
; D36              ; 1            ;
; D46              ; 1            ;
; D15              ; 1            ;
; D25              ; 1            ;
; D35              ; 1            ;
; D45              ; 1            ;
; D14              ; 1            ;
; D24              ; 1            ;
; D34              ; 1            ;
; D44              ; 1            ;
; D13              ; 1            ;
; D23              ; 1            ;
; D33              ; 1            ;
; D43              ; 1            ;
; D12              ; 1            ;
; D22              ; 1            ;
; D32              ; 1            ;
; D42              ; 1            ;
; D11              ; 1            ;
; D21              ; 1            ;
; D31              ; 1            ;
; D41              ; 1            ;
; 74153:inst4|10~2 ; 1            ;
; 74153:inst4|10~1 ; 1            ;
; 74153:inst4|10~0 ; 1            ;
; 74153:inst4|9~2  ; 1            ;
; 74153:inst4|9~1  ; 1            ;
; 74153:inst4|9~0  ; 1            ;
; 74153:inst3|10~2 ; 1            ;
; 74153:inst3|10~1 ; 1            ;
; 74153:inst3|10~0 ; 1            ;
; 74153:inst3|9~2  ; 1            ;
; 74153:inst3|9~1  ; 1            ;
; 74153:inst3|9~0  ; 1            ;
; 74153:inst2|10~2 ; 1            ;
; 74153:inst2|10~1 ; 1            ;
; 74153:inst2|10~0 ; 1            ;
+------------------+--------------+


+----------------------------------------------------+
; Interconnect Usage Summary                         ;
+----------------------------+-----------------------+
; Interconnect Resource Type ; Usage                 ;
+----------------------------+-----------------------+
; Block interconnects        ; 53 / 26,052 ( < 1 % ) ;
; C16 interconnects          ; 22 / 1,156 ( 2 % )    ;
; C4 interconnects           ; 53 / 17,952 ( < 1 % ) ;
; Direct links               ; 1 / 26,052 ( < 1 % )  ;
; Global clocks              ; 0 / 8 ( 0 % )         ;
; Local interconnects        ; 15 / 8,256 ( < 1 % )  ;
; R24 interconnects          ; 13 / 1,020 ( 1 % )    ;
; R4 interconnects           ; 38 / 22,440 ( < 1 % ) ;
+----------------------------+-----------------------+


+--------------------------------------------------------------------------+
; LAB Logic Elements                                                       ;
+--------------------------------------------+-----------------------------+
; Number of Logic Elements  (Average = 6.00) ; Number of LABs  (Total = 4) ;
+--------------------------------------------+-----------------------------+
; 1                                          ; 0                           ;
; 2                                          ; 0                           ;
; 3                                          ; 0                           ;
; 4                                          ; 0                           ;
; 5                                          ; 0                           ;
; 6                                          ; 4                           ;
; 7                                          ; 0                           ;
; 8                                          ; 0                           ;
; 9                                          ; 0                           ;
; 10                                         ; 0                           ;
; 11                                         ; 0                           ;
; 12                                         ; 0                           ;
; 13                                         ; 0                           ;
; 14                                         ; 0                           ;
; 15                                         ; 0                           ;
; 16                                         ; 0                           ;
+--------------------------------------------+-----------------------------+


+---------------------------------------------------------------------------+
; LAB Signals Sourced                                                       ;
+---------------------------------------------+-----------------------------+
; Number of Signals Sourced  (Average = 6.00) ; Number of LABs  (Total = 4) ;
+---------------------------------------------+-----------------------------+
; 0                                           ; 0                           ;
; 1                                           ; 0                           ;
; 2                                           ; 0                           ;
; 3                                           ; 0                           ;
; 4                                           ; 0                           ;
; 5                                           ; 0                           ;
; 6                                           ; 4                           ;
+---------------------------------------------+-----------------------------+


+-------------------------------------------------------------------------------+
; LAB Signals Sourced Out                                                       ;
+-------------------------------------------------+-----------------------------+
; Number of Signals Sourced Out  (Average = 2.00) ; Number of LABs  (Total = 4) ;
+-------------------------------------------------+-----------------------------+
; 0                                               ; 0                           ;
; 1                                               ; 0                           ;
; 2                                               ; 4                           ;
+-------------------------------------------------+-----------------------------+


+----------------------------------------------------------------------------+
; LAB Distinct Inputs                                                        ;
+----------------------------------------------+-----------------------------+
; Number of Distinct Inputs  (Average = 11.00) ; Number of LABs  (Total = 4) ;
+----------------------------------------------+-----------------------------+
; 0                                            ; 0                           ;
; 1                                            ; 0                           ;
; 2                                            ; 0                           ;
; 3                                            ; 0                           ;
; 4                                            ; 0                           ;
; 5                                            ; 0                           ;
; 6                                            ; 0                           ;
; 7                                            ; 0                           ;
; 8                                            ; 0                           ;
; 9                                            ; 0                           ;
; 10                                           ; 0                           ;
; 11                                           ; 4                           ;
+----------------------------------------------+-----------------------------+


+-------------------------------------------------------------------------+
; Fitter Device Options                                                   ;
+----------------------------------------------+--------------------------+
; Option                                       ; Setting                  ;
+----------------------------------------------+--------------------------+
; Enable user-supplied start-up clock (CLKUSR) ; Off                      ;
; Enable device-wide reset (DEV_CLRn)          ; Off                      ;
; Enable device-wide output enable (DEV_OE)    ; Off                      ;
; Enable INIT_DONE output                      ; Off                      ;
; Configuration scheme                         ; Active Serial            ;
; Error detection CRC                          ; Off                      ;
; nCEO                                         ; As output driving ground ;
; ASDO,nCSO                                    ; As input tri-stated      ;
; Reserve all unused pins                      ; As output driving ground ;
; Base pin-out file on sameframe device        ; Off                      ;
+----------------------------------------------+--------------------------+


+------------------------------------+
; Operating Settings and Conditions  ;
+---------------------------+--------+
; Setting                   ; Value  ;
+---------------------------+--------+
; Nominal Core Voltage      ; 1.20 V ;
; Low Junction Temperature  ; 0 °C   ;
; High Junction Temperature ; 85 °C  ;
+---------------------------+--------+


+------------------------------------------------------------+
; Estimated Delay Added for Hold Timing                      ;
+-----------------+----------------------+-------------------+
; Source Clock(s) ; Destination Clock(s) ; Delay Added in ns ;
+-----------------+----------------------+-------------------+


+----------------------------+
; Advanced Data - General    ;
+--------------------+-------+
; Name               ; Value ;
+--------------------+-------+
; Status Code        ; 0     ;
; Desired User Slack ; 0     ;
; Fit Attempts       ; 1     ;
+--------------------+-------+


+-------------------------------------------------------------------------------+
; Advanced Data - Placement Preparation                                         ;
+------------------------------------------------------------------+------------+
; Name                                                             ; Value      ;
+------------------------------------------------------------------+------------+
; Auto Fit Point 1 - Fit Attempt 1                                 ; ff         ;
; Mid Wire Use - Fit Attempt 1                                     ; 0          ;
; Mid Slack - Fit Attempt 1                                        ; 2147483639 ;
; Internal Atom Count - Fit Attempt 1                              ; 25         ;
; LE/ALM Count - Fit Attempt 1                                     ; 25         ;
; LAB Count - Fit Attempt 1                                        ; 5          ;
; Outputs per Lab - Fit Attempt 1                                  ; 1.600      ;
; Inputs per LAB - Fit Attempt 1                                   ; 8.800      ;
; Global Inputs per LAB - Fit Attempt 1                            ; 0.000      ;
; LAB Constraint 'non-global clock + sync load' - Fit Attempt 1    ; 0:5        ;
; LAB Constraint 'non-global controls' - Fit Attempt 1             ; 0:5        ;
; LAB Constraint 'non-global + aclr' - Fit Attempt 1               ; 0:5        ;
; LAB Constraint 'global non-clock non-aclr' - Fit Attempt 1       ; 0:5        ;
; LAB Constraint 'global controls' - Fit Attempt 1                 ; 0:5        ;
; LAB Constraint 'deterministic LABSMUXA/LABXMUXB' - Fit Attempt 1 ; 0:5        ;
; LAB Constraint 'deterministic LABSMUXC/LABXMUXD' - Fit Attempt 1 ; 0:5        ;
; LAB Constraint 'clock / ce pair constraint' - Fit Attempt 1      ; 0:5        ;
; LAB Constraint 'aclr constraint' - Fit Attempt 1                 ; 0:5        ;
; LAB Constraint 'true sload_sclear pair' - Fit Attempt 1          ; 0:5        ;
; LAB Constraint 'constant sload_sclear pair' - Fit Attempt 1      ; 0:5        ;
; LAB Constraint 'has placement constraint' - Fit Attempt 1        ; 0:5        ;
; LAB Constraint 'group hierarchy constraint' - Fit Attempt 1      ; 0:1;1:4    ;
; LEs in Chains - Fit Attempt 1                                    ; 0          ;
; LEs in Long Chains - Fit Attempt 1                               ; 0          ;
; LABs with Chains - Fit Attempt 1                                 ; 0          ;
; LABs with Multiple Chains - Fit Attempt 1                        ; 0          ;
; Time - Fit Attempt 1                                             ; 0          ;
+------------------------------------------------------------------+------------+


+--------------------------------------------------+
; Advanced Data - Placement                        ;
+-------------------------------------+------------+
; Name                                ; Value      ;
+-------------------------------------+------------+
; Auto Fit Point 2 - Fit Attempt 1    ; ff         ;
; Auto Fit Point 5 - Fit Attempt 1    ; ff         ;
; Mid Wire Use - Fit Attempt 1        ; 0          ;
; Mid Slack - Fit Attempt 1           ; 2147483639 ;
; Auto Fit Point 6 - Fit Attempt 1    ; ff         ;
; Auto Fit Point 6 - Fit Attempt 1    ; ff         ;
; Auto Fit Point 6 - Fit Attempt 1    ; ff         ;
; Auto Fit Point 5 - Fit Attempt 1    ; ff         ;
; Mid Wire Use - Fit Attempt 1        ; 0          ;
; Mid Slack - Fit Attempt 1           ; 2147483639 ;
; Auto Fit Point 6 - Fit Attempt 1    ; ff         ;
; Auto Fit Point 6 - Fit Attempt 1    ; ff         ;
; Auto Fit Point 6 - Fit Attempt 1    ; ff         ;
; Late Wire Use - Fit Attempt 1       ; 1          ;
; Late Slack - Fit Attempt 1          ; 2147483639 ;
; Peak Regional Wire - Fit Attempt 1  ; 0.000      ;
; Auto Fit Point 7 - Fit Attempt 1    ; ff         ;
; Time - Fit Attempt 1                ; 0          ;
; Time in tsm_tan.dll - Fit Attempt 1 ; 0.016      ;
+-------------------------------------+------------+


+---------------------------------------------------+
; Advanced Data - Routing                           ;
+-------------------------------------+-------------+
; Name                                ; Value       ;
+-------------------------------------+-------------+
; Early Slack - Fit Attempt 1         ; 2147483639  ;
; Early Wire Use - Fit Attempt 1      ; 1           ;
; Peak Regional Wire - Fit Attempt 1  ; 1           ;
; Mid Slack - Fit Attempt 1           ; 2147483639  ;
; Late Slack - Fit Attempt 1          ; -2147483648 ;
; Late Wire Use - Fit Attempt 1       ; 0           ;
; Time - Fit Attempt 1                ; 0           ;
; Time in tsm_tan.dll - Fit Attempt 1 ; 0.016       ;
+-------------------------------------+-------------+


+-----------------+
; Fitter Messages ;
+-----------------+
Info: *******************************************************************
Info: Running Quartus II Fitter
    Info: Version 9.0 Build 132 02/25/2009 SJ Full Version
    Info: Processing started: Mon Jun 19 20:28:28 2017
Info: Command: quartus_fit --read_settings_files=off --write_settings_files=off SELECT-FOUR -c SELECT-FOUR
Info: Parallel compilation is enabled and will use 2 of the 2 processors detected
Info: Selected device EP2C8T144C8 for design "SELECT-FOUR"
Info: Low junction temperature is 0 degrees C
Info: High junction temperature is 85 degrees C
Info: Fitter is performing an Auto Fit compilation, which may decrease Fitter effort to reduce compilation time
Info: Device migration not selected. If you intend to use device migration later, you may need to change the pin assignments as they may be incompatible with other devices
    Info: Device EP2C5T144C8 is compatible
    Info: Device EP2C5T144I8 is compatible
    Info: Device EP2C8T144I8 is compatible
Info: Fitter converted 3 user pins into dedicated programming pins
    Info: Pin ~ASDO~ is reserved at location 1
    Info: Pin ~nCSO~ is reserved at location 2
    Info: Pin ~LVDS54p/nCEO~ is reserved at location 76
Warning: No exact pin location assignment(s) for 43 pins of 43 total pins
    Info: Pin OUT1 not assigned to an exact location on the device
    Info: Pin OUT2 not assigned to an exact location on the device
    Info: Pin OUT3 not assigned to an exact location on the device
    Info: Pin OUT4 not assigned to an exact location on the device
    Info: Pin OUT5 not assigned to an exact location on the device
    Info: Pin OUT6 not assigned to an exact location on the device
    Info: Pin OUT7 not assigned to an exact location on the device
    Info: Pin OUT8 not assigned to an exact location on the device
    Info: Pin D41 not assigned to an exact location on the device
    Info: Pin D31 not assigned to an exact location on the device
    Info: Pin CTRO1 not assigned to an exact location on the device
    Info: Pin D21 not assigned to an exact location on the device
    Info: Pin D11 not assigned to an exact location on the device
    Info: Pin CTRO2 not assigned to an exact location on the device
    Info: Pin /GN1 not assigned to an exact location on the device
    Info: Pin D42 not assigned to an exact location on the device
    Info: Pin D32 not assigned to an exact location on the device
    Info: Pin D22 not assigned to an exact location on the device
    Info: Pin D12 not assigned to an exact location on the device
    Info: Pin D43 not assigned to an exact location on the device
    Info: Pin D33 not assigned to an exact location on the device
    Info: Pin D23 not assigned to an exact location on the device
    Info: Pin D13 not assigned to an exact location on the device
    Info: Pin D44 not assigned to an exact location on the device
    Info: Pin D34 not assigned to an exact location on the device
    Info: Pin D24 not assigned to an exact location on the device
    Info: Pin D14 not assigned to an exact location on the device
    Info: Pin D45 not assigned to an exact location on the device
    Info: Pin D35 not assigned to an exact location on the device
    Info: Pin D25 not assigned to an exact location on the device
    Info: Pin D15 not assigned to an exact location on the device
    Info: Pin D46 not assigned to an exact location on the device
    Info: Pin D36 not assigned to an exact location on the device
    Info: Pin D26 not assigned to an exact location on the device
    Info: Pin D16 not assigned to an exact location on the device
    Info: Pin D47 not assigned to an exact location on the device
    Info: Pin D37 not assigned to an exact location on the device
    Info: Pin D27 not assigned to an exact location on the device
    Info: Pin D17 not assigned to an exact location on the device
    Info: Pin D48 not assigned to an exact location on the device
    Info: Pin D38 not assigned to an exact location on the device
    Info: Pin D28 not assigned to an exact location on the device
    Info: Pin D18 not assigned to an exact location on the device
Info: Fitter is using the Classic Timing Analyzer
Info: Timing requirements not specified -- quality metrics such as performance and power consumption may be sacrificed to reduce compilation time.
Info: Starting register packing
Info: Finished register packing
    Extra Info: No registers were packed into other blocks
Info: Statistics of I/O pins that need to be placed that use the same VCCIO and VREF, before I/O pin placement
    Info: Number of I/O pins in group: 43 (unused VREF, 3.3V VCCIO, 35 input, 8 output, 0 bidirectional)
        Info: I/O standards used: 3.3-V LVTTL.
Info: I/O bank details before I/O pin placement
    Info: Statistics of I/O banks
        Info: I/O bank number 1 does not use VREF pins and has undetermined VCCIO pins. 2 total pin(s) used --  15 pins available
        Info: I/O bank number 2 does not use VREF pins and has undetermined VCCIO pins. 0 total pin(s) used --  23 pins available
        Info: I/O bank number 3 does not use VREF pins and has undetermined VCCIO pins. 1 total pin(s) used --  20 pins available
        Info: I/O bank number 4 does not use VREF pins and has undetermined VCCIO pins. 0 total pin(s) used --  24 pins available
Info: Fitter preparation operations ending: elapsed time is 00:00:00
Info: Fitter placement preparation operations beginning
Info: Fitter placement preparation operations ending: elapsed time is 00:00:00
Info: Fitter placement operations beginning
Info: Fitter placement was successful
Info: Fitter placement operations ending: elapsed time is 00:00:00
Info: Fitter routing operations beginning
Info: Average interconnect usage is 0% of the available device resources
    Info: Peak interconnect usage is 1% of the available device resources in the region that extends from location X23_Y10 to location X34_Y19
Info: Fitter routing operations ending: elapsed time is 00:00:00
Info: The Fitter performed an Auto Fit compilation.  Optimizations were skipped to reduce compilation time.
    Info: Optimizations that may affect the design's routability were skipped
    Info: Optimizations that may affect the design's timing were skipped
Info: Started post-fitting delay annotation
Warning: Found 8 output pins without output pin load capacitance assignment
    Info: Pin "OUT1" has no specified output pin load capacitance -- assuming default load capacitance of 0 pF for timing analysis
    Info: Pin "OUT2" has no specified output pin load capacitance -- assuming default load capacitance of 0 pF for timing analysis
    Info: Pin "OUT3" has no specified output pin load capacitance -- assuming default load capacitance of 0 pF for timing analysis
    Info: Pin "OUT4" has no specified output pin load capacitance -- assuming default load capacitance of 0 pF for timing analysis
    Info: Pin "OUT5" has no specified output pin load capacitance -- assuming default load capacitance of 0 pF for timing analysis
    Info: Pin "OUT6" has no specified output pin load capacitance -- assuming default load capacitance of 0 pF for timing analysis
    Info: Pin "OUT7" has no specified output pin load capacitance -- assuming default load capacitance of 0 pF for timing analysis
    Info: Pin "OUT8" has no specified output pin load capacitance -- assuming default load capacitance of 0 pF for timing analysis
Info: Delay annotation completed successfully
Warning: The Reserve All Unused Pins setting has not been specified, and will default to 'As output driving ground'.
Info: Generated suppressed messages file C:/Documents and Settings/Administrator/×ÀÃæ/ComputerFinal/SELECT-FOUR/SELECT-FOUR.fit.smsg
Info: Quartus II Fitter was successful. 0 errors, 3 warnings
    Info: Peak virtual memory: 202 megabytes
    Info: Processing ended: Mon Jun 19 20:28:32 2017
    Info: Elapsed time: 00:00:04
    Info: Total CPU time (on all processors): 00:00:04


+----------------------------+
; Fitter Suppressed Messages ;
+----------------------------+
The suppressed messages can be found in C:/Documents and Settings/Administrator/×ÀÃæ/ComputerFinal/SELECT-FOUR/SELECT-FOUR.fit.smsg.


